2026-05-03 16:38:31 [INFO] BossMind Command Bridge Started
2026-05-03 16:38:31 [INFO] Project: resumora
2026-05-03 16:38:31 [INFO] Task: UPDATE_RESUMORA_CLIENT_INTERFACE_FULLY_WORKING
2026-05-03 16:38:37 [INFO] Running preflight scanner...
2026-05-03 16:38:38 [INFO] Running auto-fix engine...
2026-05-03 16:38:40 [INFO] RUN: npm install
2026-05-03 16:38:45 [INFO] RUN: npm run build
2026-05-03 16:39:11 [ERROR] FAILED: Command failed: npm run build
2026-05-03 16:44:59 [INFO] BossMind Command Bridge Started
2026-05-03 16:44:59 [INFO] Project: resumora
2026-05-03 16:44:59 [INFO] Task: UPDATE_RESUMORA_CLIENT_INTERFACE_FULLY_WORKING
2026-05-03 16:44:59 [INFO] Running preflight scanner...
2026-05-03 16:45:01 [INFO] Running auto-fix engine...
2026-05-03 16:45:02 [INFO] RUN: npm install
2026-05-03 16:45:05 [INFO] RUN: npm run build
2026-05-03 16:45:28 [ERROR] FAILED: Command failed: npm run build
2026-05-03 17:55:54 [INFO] BossMind Command Bridge Started
2026-05-03 17:55:54 [INFO] Project: resumora
2026-05-03 17:55:54 [INFO] Task: UPDATE_RESUMORA_CLIENT_INTERFACE_FULLY_WORKING
2026-05-03 17:55:54 [INFO] Running preflight scanner...
2026-05-03 17:55:57 [INFO] Running auto-fix engine...
2026-05-03 17:55:59 [INFO] RUN: npm install
2026-05-03 17:56:03 [INFO] RUN: npm run build
2026-05-03 17:56:57 [INFO] No git changes found.
2026-05-03 17:56:57 [INFO] Waiting for deployment...
2026-05-03 17:58:27 [INFO] BossMind Command Bridge COMPLETE
